Traceback (most recent call last):
  File "C:\Users\j0i03e4\Documents\puppy_workspace\372-A\refresh_and_publish.py", line 203, in <module>
    main()
    ~~~~^^
  File "C:\Users\j0i03e4\Documents\puppy_workspace\372-A\refresh_and_publish.py", line 139, in main
    periods[key] = run_bq(QUERY_TEMPLATE.format(
                   ~~~~~~^^^^^^^^^^^^^^^^^^^^^^^
        table=WO_TABLE, stores=STORE_LIST, start=start.isoformat(), end=end.isoformat()))
        ^^^^^^^^^^^^^^^^^^^^^^^^^^^^^^^^^^^^^^^^^^^^^^^^^^^^^^^^^^^^^^^^^^^^^^^^^^^^^^^^^
  File "C:\Users\j0i03e4\Documents\puppy_workspace\372-A\refresh_and_publish.py", line 82, in run_bq
    raise RuntimeError(
    ...<3 lines>...
    )
RuntimeError: bq query failed -- if this mentions 'Reauthentication failed' or 'cannot prompt during non-interactive execution', run `gcloud auth login` interactively first.

Python was not found; run without arguments to install from the Microsoft Store, or disable this shortcut from Settings > Apps > Advanced app settings > App execution aliases.
ERROR: (bq) There was a problem refreshing your current auth tokens: Reauthentication failed. cannot prompt during non-interactive execution.
Please run:

  $ gcloud auth login

to obtain new credentials.

If you have already logged in with a different account, run:

  $ gcloud config set account ACCOUNT

to select an already authenticated account to use.

